

================================================================
== Vitis HLS Report for 'CCL'
================================================================
* Date:           Wed Sep 11 12:56:48 2024

* Version:        2023.1 (Build 3854077 on May  4 2023)
* Project:        CCL
* Solution:       solution (Vitis Kernel Flow Target)
* Product family: virtexuplusHBM
* Target device:  xcu280-fsvh2892-2L-e


================================================================
== Performance Estimates
================================================================
+ Timing: 
    * Summary: 
    +--------+---------+----------+------------+
    |  Clock |  Target | Estimated| Uncertainty|
    +--------+---------+----------+------------+
    |ap_clk  |  3.33 ns|  2.433 ns|     0.90 ns|
    +--------+---------+----------+------------+

+ Latency: 
    * Summary: 
    +---------+---------+----------+----------+-----+-----+----------+
    |  Latency (cycles) |  Latency (absolute) |  Interval | Pipeline |
    |   min   |   max   |    min   |    max   | min | max |   Type   |
    +---------+---------+----------+----------+-----+-----+----------+
    |        ?|        ?|         ?|         ?|    ?|    ?|  dataflow|
    +---------+---------+----------+----------+-----+-----+----------+

    + Detail: 
        * Instance: 
        +---------------------+------------------+---------+---------+----------+----------+-----+-----+---------+
        |                     |                  |  Latency (cycles) |  Latency (absolute) |  Interval | Pipeline|
        |       Instance      |      Module      |   min   |   max   |    min   |    max   | min | max |   Type  |
        +---------------------+------------------+---------+---------+----------+----------+-----+-----+---------+
        |entry_proc_U0        |entry_proc        |        0|        0|      0 ns|      0 ns|    0|    0|       no|
        |read_input_int_U0    |read_input_int    |        ?|        ?|         ?|         ?|    ?|    ?|       no|
        |read_input_int_1_U0  |read_input_int_1  |        ?|        ?|         ?|         ?|    ?|    ?|       no|
        |read_input_float_U0  |read_input_float  |        ?|        ?|         ?|         ?|    ?|    ?|       no|
        |filter_memory_U0     |filter_memory     |        ?|        ?|         ?|         ?|    ?|    ?|       no|
        |compute_core_U0      |compute_core      |        ?|        ?|         ?|         ?|    ?|    ?|       no|
        |queue_components_U0  |queue_components  |        ?|        ?|         ?|         ?|    ?|    ?|       no|
        |write_labels_U0      |write_labels      |        ?|        ?|         ?|         ?|    ?|    ?|       no|
        +---------------------+------------------+---------+---------+----------+----------+-----+-----+---------+

        * Loop: 
        N/A



================================================================
== Utilization Estimates
================================================================
* Summary: 
+---------------------+---------+------+---------+---------+-----+
|         Name        | BRAM_18K|  DSP |    FF   |   LUT   | URAM|
+---------------------+---------+------+---------+---------+-----+
|DSP                  |        -|     -|        -|        -|    -|
|Expression           |        -|     -|        0|       64|    -|
|FIFO                 |        -|     -|      637|      554|    -|
|Instance             |      101|     -|    17355|    22791|    0|
|Memory               |       32|     -|        0|        0|    0|
|Multiplexer          |        -|     -|        -|       90|    -|
|Register             |        -|     -|       16|        -|    -|
+---------------------+---------+------+---------+---------+-----+
|Total                |      133|     0|    18008|    23499|    0|
+---------------------+---------+------+---------+---------+-----+
|Available SLR        |     1344|  3008|   869120|   434560|  320|
+---------------------+---------+------+---------+---------+-----+
|Utilization SLR (%)  |        9|     0|        2|        5|    0|
+---------------------+---------+------+---------+---------+-----+
|Available            |     4032|  9024|  2607360|  1303680|  960|
+---------------------+---------+------+---------+---------+-----+
|Utilization (%)      |        3|     0|       ~0|        1|    0|
+---------------------+---------+------+---------+---------+-----+

+ Detail: 
    * Instance: 
    +---------------------+------------------+---------+----+------+------+-----+
    |       Instance      |      Module      | BRAM_18K| DSP|  FF  |  LUT | URAM|
    +---------------------+------------------+---------+----+------+------+-----+
    |compute_core_U0      |compute_core      |        1|   0|  1811|  1828|    0|
    |control_s_axi_U      |control_s_axi     |        0|   0|   532|   936|    0|
    |entry_proc_U0        |entry_proc        |        0|   0|     3|    64|    0|
    |filter_memory_U0     |filter_memory     |       32|   0|  3060|  7363|    0|
    |gmem1_m_axi_U        |gmem1_m_axi       |        2|   0|   696|   720|    0|
    |gmem2_m_axi_U        |gmem2_m_axi       |        2|   0|   696|   720|    0|
    |gmem3_m_axi_U        |gmem3_m_axi       |        2|   0|   696|   720|    0|
    |gmem4_m_axi_U        |gmem4_m_axi       |       30|   0|  3521|  2695|    0|
    |gmem5_m_axi_U        |gmem5_m_axi       |       30|   0|  3521|  2695|    0|
    |gmem_m_axi_U         |gmem_m_axi        |        2|   0|   696|   720|    0|
    |queue_components_U0  |queue_components  |        0|   0|   932|  2581|    0|
    |read_input_float_U0  |read_input_float  |        0|   0|   373|   197|    0|
    |read_input_int_U0    |read_input_int    |        0|   0|   207|   664|    0|
    |read_input_int_1_U0  |read_input_int_1  |        0|   0|   373|   197|    0|
    |write_labels_U0      |write_labels      |        0|   0|   238|   691|    0|
    +---------------------+------------------+---------+----+------+------+-----+
    |Total                |                  |      101|   0| 17355| 22791|    0|
    +---------------------+------------------+---------+----+------+------+-----+

    * DSP: 
    N/A

    * Memory: 
    +---------------------+---------------------------------+---------+---+----+-----+-------+-----+------+-------------+
    |        Memory       |              Module             | BRAM_18K| FF| LUT| URAM| Words | Bits| Banks| W*Bits*Banks|
    +---------------------+---------------------------------+---------+---+----+-----+-------+-----+------+-------------+
    |graph_connections_U  |graph_connections_RAM_AUTO_1R1W  |       16|  0|   0|    0|  32768|   32|     1|      1048576|
    |labels_U             |graph_connections_RAM_AUTO_1R1W  |       16|  0|   0|    0|  32768|   32|     1|      1048576|
    +---------------------+---------------------------------+---------+---+----+-----+-------+-----+------+-------------+
    |Total                |                                 |       32|  0|   0|    0|  65536|   64|     2|      2097152|
    +---------------------+---------------------------------+---------+---+----+-----+-------+-----+------+-------------+

    * FIFO: 
    +------------------------+---------+-----+----+-----+------+-----+---------+
    |          Name          | BRAM_18K|  FF | LUT| URAM| Depth| Bits| Size:D*B|
    +------------------------+---------+-----+----+-----+------+-----+---------+
    |graph_size_c_channel_U  |        0|   68|   0|    -|     2|   32|       64|
    |inStream_edge_from_U    |        0|   68|   0|    -|     2|   32|       64|
    |inStream_edge_to_U      |        0|   68|   0|    -|     2|   32|       64|
    |inStream_score_U        |        0|   68|   0|    -|     2|   32|       64|
    |io_graph_c16_U          |        0|    5|   0|    -|     3|   64|      192|
    |io_graph_c_channel_U    |        0|  133|   0|    -|     2|   64|      128|
    |io_lookup_c17_U         |        0|    5|   0|    -|     3|   64|      192|
    |io_lookup_c_channel_U   |        0|    5|   0|    -|     3|   64|      192|
    |num_edges_c_U           |        0|   68|   0|    -|     2|   32|       64|
    |num_nodes_c18_U         |        0|    6|   0|    -|     5|   32|      160|
    |num_nodes_c_U           |        0|   68|   0|    -|     2|   32|       64|
    |outStream_labels_U      |        0|   68|   0|    -|     2|   32|       64|
    |out_labels_c_U          |        0|    7|   0|    -|     6|   64|      384|
    +------------------------+---------+-----+----+-----+------+-----+---------+
    |Total                   |        0|  637|   0|    0|    36|  576|     1696|
    +------------------------+---------+-----+----+-----+------+-----+---------+

    * Expression: 
    +--------------------------------------------+----------+----+---+----+------------+------------+
    |                Variable Name               | Operation| DSP| FF| LUT| Bitwidth P0| Bitwidth P1|
    +--------------------------------------------+----------+----+---+----+------------+------------+
    |ap_channel_done_graph_connections           |       and|   0|  0|   2|           1|           1|
    |ap_channel_done_graph_size_c_channel        |       and|   0|  0|   2|           1|           1|
    |ap_channel_done_io_graph_c_channel          |       and|   0|  0|   2|           1|           1|
    |ap_channel_done_io_lookup_c_channel         |       and|   0|  0|   2|           1|           1|
    |ap_ext_blocking_n                           |       and|   0|  0|   2|           1|           1|
    |ap_ext_blocking_sub_n                       |       and|   0|  0|   2|           1|           1|
    |ap_idle                                     |       and|   0|  0|   2|           1|           1|
    |ap_int_blocking_n                           |       and|   0|  0|   2|           1|           1|
    |ap_int_blocking_sub_n                       |       and|   0|  0|   2|           1|           1|
    |ap_str_blocking_n                           |       and|   0|  0|   2|           1|           1|
    |ap_str_blocking_sub_n                       |       and|   0|  0|   2|           1|           1|
    |ap_sync_continue                            |       and|   0|  0|   2|           1|           1|
    |ap_sync_done                                |       and|   0|  0|   2|           1|           1|
    |ap_sync_ready                               |       and|   0|  0|   2|           1|           1|
    |compute_core_U0_ap_start                    |       and|   0|  0|   2|           1|           1|
    |entry_proc_U0_ap_start                      |       and|   0|  0|   2|           1|           1|
    |entry_proc_U0_start_full_n                  |       and|   0|  0|   2|           1|           1|
    |filter_memory_U0_ap_continue                |       and|   0|  0|   2|           1|           1|
    |queue_components_U0_ap_start                |       and|   0|  0|   2|           1|           1|
    |read_input_float_U0_ap_start                |       and|   0|  0|   2|           1|           1|
    |read_input_int_1_U0_ap_start                |       and|   0|  0|   2|           1|           1|
    |read_input_int_U0_ap_start                  |       and|   0|  0|   2|           1|           1|
    |ap_sync_channel_write_graph_connections     |        or|   0|  0|   2|           1|           1|
    |ap_sync_channel_write_graph_size_c_channel  |        or|   0|  0|   2|           1|           1|
    |ap_sync_channel_write_io_graph_c_channel    |        or|   0|  0|   2|           1|           1|
    |ap_sync_channel_write_io_lookup_c_channel   |        or|   0|  0|   2|           1|           1|
    |ap_sync_compute_core_U0_ap_ready            |        or|   0|  0|   2|           1|           1|
    |ap_sync_entry_proc_U0_ap_ready              |        or|   0|  0|   2|           1|           1|
    |ap_sync_queue_components_U0_ap_ready        |        or|   0|  0|   2|           1|           1|
    |ap_sync_read_input_float_U0_ap_ready        |        or|   0|  0|   2|           1|           1|
    |ap_sync_read_input_int_1_U0_ap_ready        |        or|   0|  0|   2|           1|           1|
    |ap_sync_read_input_int_U0_ap_ready          |        or|   0|  0|   2|           1|           1|
    +--------------------------------------------+----------+----+---+----+------------+------------+
    |Total                                       |          |   0|  0|  64|          32|          32|
    +--------------------------------------------+----------+----+---+----+------------+------------+

    * Multiplexer: 
    +------------------------------------------------+----+-----------+-----+-----------+
    |                      Name                      | LUT| Input Size| Bits| Total Bits|
    +------------------------------------------------+----+-----------+-----+-----------+
    |ap_sync_reg_channel_write_graph_connections     |   9|          2|    1|          2|
    |ap_sync_reg_channel_write_graph_size_c_channel  |   9|          2|    1|          2|
    |ap_sync_reg_channel_write_io_graph_c_channel    |   9|          2|    1|          2|
    |ap_sync_reg_channel_write_io_lookup_c_channel   |   9|          2|    1|          2|
    |ap_sync_reg_compute_core_U0_ap_ready            |   9|          2|    1|          2|
    |ap_sync_reg_entry_proc_U0_ap_ready              |   9|          2|    1|          2|
    |ap_sync_reg_queue_components_U0_ap_ready        |   9|          2|    1|          2|
    |ap_sync_reg_read_input_float_U0_ap_ready        |   9|          2|    1|          2|
    |ap_sync_reg_read_input_int_1_U0_ap_ready        |   9|          2|    1|          2|
    |ap_sync_reg_read_input_int_U0_ap_ready          |   9|          2|    1|          2|
    +------------------------------------------------+----+-----------+-----+-----------+
    |Total                                           |  90|         20|   10|         20|
    +------------------------------------------------+----+-----------+-----+-----------+

    * Register: 
    +------------------------------------------------+---+----+-----+-----------+
    |                      Name                      | FF| LUT| Bits| Const Bits|
    +------------------------------------------------+---+----+-----+-----------+
    |ap_ext_blocking_n_reg                           |  1|   0|    1|          0|
    |ap_int_blocking_n_reg                           |  1|   0|    1|          0|
    |ap_rst_n_inv                                    |  1|   0|    1|          0|
    |ap_rst_reg_1                                    |  1|   0|    1|          0|
    |ap_rst_reg_2                                    |  1|   0|    1|          0|
    |ap_str_blocking_n_reg                           |  1|   0|    1|          0|
    |ap_sync_reg_channel_write_graph_connections     |  1|   0|    1|          0|
    |ap_sync_reg_channel_write_graph_size_c_channel  |  1|   0|    1|          0|
    |ap_sync_reg_channel_write_io_graph_c_channel    |  1|   0|    1|          0|
    |ap_sync_reg_channel_write_io_lookup_c_channel   |  1|   0|    1|          0|
    |ap_sync_reg_compute_core_U0_ap_ready            |  1|   0|    1|          0|
    |ap_sync_reg_entry_proc_U0_ap_ready              |  1|   0|    1|          0|
    |ap_sync_reg_queue_components_U0_ap_ready        |  1|   0|    1|          0|
    |ap_sync_reg_read_input_float_U0_ap_ready        |  1|   0|    1|          0|
    |ap_sync_reg_read_input_int_1_U0_ap_ready        |  1|   0|    1|          0|
    |ap_sync_reg_read_input_int_U0_ap_ready          |  1|   0|    1|          0|
    +------------------------------------------------+---+----+-----+-----------+
    |Total                                           | 16|   0|   16|          0|
    +------------------------------------------------+---+----+-----+-----------+



================================================================
== Interface
================================================================
* Summary: 
+-----------------------+-----+-----+---------------+--------------+--------------+
|       RTL Ports       | Dir | Bits|    Protocol   | Source Object|    C Type    |
+-----------------------+-----+-----+---------------+--------------+--------------+
|s_axi_control_AWVALID  |   in|    1|          s_axi|       control|        scalar|
|s_axi_control_AWREADY  |  out|    1|          s_axi|       control|        scalar|
|s_axi_control_AWADDR   |   in|    7|          s_axi|       control|        scalar|
|s_axi_control_WVALID   |   in|    1|          s_axi|       control|        scalar|
|s_axi_control_WREADY   |  out|    1|          s_axi|       control|        scalar|
|s_axi_control_WDATA    |   in|   32|          s_axi|       control|        scalar|
|s_axi_control_WSTRB    |   in|    4|          s_axi|       control|        scalar|
|s_axi_control_ARVALID  |   in|    1|          s_axi|       control|        scalar|
|s_axi_control_ARREADY  |  out|    1|          s_axi|       control|        scalar|
|s_axi_control_ARADDR   |   in|    7|          s_axi|       control|        scalar|
|s_axi_control_RVALID   |  out|    1|          s_axi|       control|        scalar|
|s_axi_control_RREADY   |   in|    1|          s_axi|       control|        scalar|
|s_axi_control_RDATA    |  out|   32|          s_axi|       control|        scalar|
|s_axi_control_RRESP    |  out|    2|          s_axi|       control|        scalar|
|s_axi_control_BVALID   |  out|    1|          s_axi|       control|        scalar|
|s_axi_control_BREADY   |   in|    1|          s_axi|       control|        scalar|
|s_axi_control_BRESP    |  out|    2|          s_axi|       control|        scalar|
|ap_clk                 |   in|    1|  ap_ctrl_chain|           CCL|  return value|
|ap_rst_n               |   in|    1|  ap_ctrl_chain|           CCL|  return value|
|event_done             |  out|    1|  ap_ctrl_chain|           CCL|  return value|
|interrupt              |  out|    1|  ap_ctrl_chain|           CCL|  return value|
|event_start            |  out|    1|  ap_ctrl_chain|           CCL|  return value|
|stall_start_ext        |  out|    1|  ap_ctrl_chain|           CCL|  return value|
|stall_done_ext         |  out|    1|  ap_ctrl_chain|           CCL|  return value|
|stall_start_str        |  out|    1|  ap_ctrl_chain|           CCL|  return value|
|stall_done_str         |  out|    1|  ap_ctrl_chain|           CCL|  return value|
|stall_start_int        |  out|    1|  ap_ctrl_chain|           CCL|  return value|
|stall_done_int         |  out|    1|  ap_ctrl_chain|           CCL|  return value|
|m_axi_gmem_AWVALID     |  out|    1|          m_axi|          gmem|       pointer|
|m_axi_gmem_AWREADY     |   in|    1|          m_axi|          gmem|       pointer|
|m_axi_gmem_AWADDR      |  out|   64|          m_axi|          gmem|       pointer|
|m_axi_gmem_AWID        |  out|    1|          m_axi|          gmem|       pointer|
|m_axi_gmem_AWLEN       |  out|    8|          m_axi|          gmem|       pointer|
|m_axi_gmem_AWSIZE      |  out|    3|          m_axi|          gmem|       pointer|
|m_axi_gmem_AWBURST     |  out|    2|          m_axi|          gmem|       pointer|
|m_axi_gmem_AWLOCK      |  out|    2|          m_axi|          gmem|       pointer|
|m_axi_gmem_AWCACHE     |  out|    4|          m_axi|          gmem|       pointer|
|m_axi_gmem_AWPROT      |  out|    3|          m_axi|          gmem|       pointer|
|m_axi_gmem_AWQOS       |  out|    4|          m_axi|          gmem|       pointer|
|m_axi_gmem_AWREGION    |  out|    4|          m_axi|          gmem|       pointer|
|m_axi_gmem_AWUSER      |  out|    1|          m_axi|          gmem|       pointer|
|m_axi_gmem_WVALID      |  out|    1|          m_axi|          gmem|       pointer|
|m_axi_gmem_WREADY      |   in|    1|          m_axi|          gmem|       pointer|
|m_axi_gmem_WDATA       |  out|   32|          m_axi|          gmem|       pointer|
|m_axi_gmem_WSTRB       |  out|    4|          m_axi|          gmem|       pointer|
|m_axi_gmem_WLAST       |  out|    1|          m_axi|          gmem|       pointer|
|m_axi_gmem_WID         |  out|    1|          m_axi|          gmem|       pointer|
|m_axi_gmem_WUSER       |  out|    1|          m_axi|          gmem|       pointer|
|m_axi_gmem_ARVALID     |  out|    1|          m_axi|          gmem|       pointer|
|m_axi_gmem_ARREADY     |   in|    1|          m_axi|          gmem|       pointer|
|m_axi_gmem_ARADDR      |  out|   64|          m_axi|          gmem|       pointer|
|m_axi_gmem_ARID        |  out|    1|          m_axi|          gmem|       pointer|
|m_axi_gmem_ARLEN       |  out|    8|          m_axi|          gmem|       pointer|
|m_axi_gmem_ARSIZE      |  out|    3|          m_axi|          gmem|       pointer|
|m_axi_gmem_ARBURST     |  out|    2|          m_axi|          gmem|       pointer|
|m_axi_gmem_ARLOCK      |  out|    2|          m_axi|          gmem|       pointer|
|m_axi_gmem_ARCACHE     |  out|    4|          m_axi|          gmem|       pointer|
|m_axi_gmem_ARPROT      |  out|    3|          m_axi|          gmem|       pointer|
|m_axi_gmem_ARQOS       |  out|    4|          m_axi|          gmem|       pointer|
|m_axi_gmem_ARREGION    |  out|    4|          m_axi|          gmem|       pointer|
|m_axi_gmem_ARUSER      |  out|    1|          m_axi|          gmem|       pointer|
|m_axi_gmem_RVALID      |   in|    1|          m_axi|          gmem|       pointer|
|m_axi_gmem_RREADY      |  out|    1|          m_axi|          gmem|       pointer|
|m_axi_gmem_RDATA       |   in|   32|          m_axi|          gmem|       pointer|
|m_axi_gmem_RLAST       |   in|    1|          m_axi|          gmem|       pointer|
|m_axi_gmem_RID         |   in|    1|          m_axi|          gmem|       pointer|
|m_axi_gmem_RUSER       |   in|    1|          m_axi|          gmem|       pointer|
|m_axi_gmem_RRESP       |   in|    2|          m_axi|          gmem|       pointer|
|m_axi_gmem_BVALID      |   in|    1|          m_axi|          gmem|       pointer|
|m_axi_gmem_BREADY      |  out|    1|          m_axi|          gmem|       pointer|
|m_axi_gmem_BRESP       |   in|    2|          m_axi|          gmem|       pointer|
|m_axi_gmem_BID         |   in|    1|          m_axi|          gmem|       pointer|
|m_axi_gmem_BUSER       |   in|    1|          m_axi|          gmem|       pointer|
|m_axi_gmem1_AWVALID    |  out|    1|          m_axi|         gmem1|       pointer|
|m_axi_gmem1_AWREADY    |   in|    1|          m_axi|         gmem1|       pointer|
|m_axi_gmem1_AWADDR     |  out|   64|          m_axi|         gmem1|       pointer|
|m_axi_gmem1_AWID       |  out|    1|          m_axi|         gmem1|       pointer|
|m_axi_gmem1_AWLEN      |  out|    8|          m_axi|         gmem1|       pointer|
|m_axi_gmem1_AWSIZE     |  out|    3|          m_axi|         gmem1|       pointer|
|m_axi_gmem1_AWBURST    |  out|    2|          m_axi|         gmem1|       pointer|
|m_axi_gmem1_AWLOCK     |  out|    2|          m_axi|         gmem1|       pointer|
|m_axi_gmem1_AWCACHE    |  out|    4|          m_axi|         gmem1|       pointer|
|m_axi_gmem1_AWPROT     |  out|    3|          m_axi|         gmem1|       pointer|
|m_axi_gmem1_AWQOS      |  out|    4|          m_axi|         gmem1|       pointer|
|m_axi_gmem1_AWREGION   |  out|    4|          m_axi|         gmem1|       pointer|
|m_axi_gmem1_AWUSER     |  out|    1|          m_axi|         gmem1|       pointer|
|m_axi_gmem1_WVALID     |  out|    1|          m_axi|         gmem1|       pointer|
|m_axi_gmem1_WREADY     |   in|    1|          m_axi|         gmem1|       pointer|
|m_axi_gmem1_WDATA      |  out|   32|          m_axi|         gmem1|       pointer|
|m_axi_gmem1_WSTRB      |  out|    4|          m_axi|         gmem1|       pointer|
|m_axi_gmem1_WLAST      |  out|    1|          m_axi|         gmem1|       pointer|
|m_axi_gmem1_WID        |  out|    1|          m_axi|         gmem1|       pointer|
|m_axi_gmem1_WUSER      |  out|    1|          m_axi|         gmem1|       pointer|
|m_axi_gmem1_ARVALID    |  out|    1|          m_axi|         gmem1|       pointer|
|m_axi_gmem1_ARREADY    |   in|    1|          m_axi|         gmem1|       pointer|
|m_axi_gmem1_ARADDR     |  out|   64|          m_axi|         gmem1|       pointer|
|m_axi_gmem1_ARID       |  out|    1|          m_axi|         gmem1|       pointer|
|m_axi_gmem1_ARLEN      |  out|    8|          m_axi|         gmem1|       pointer|
|m_axi_gmem1_ARSIZE     |  out|    3|          m_axi|         gmem1|       pointer|
|m_axi_gmem1_ARBURST    |  out|    2|          m_axi|         gmem1|       pointer|
|m_axi_gmem1_ARLOCK     |  out|    2|          m_axi|         gmem1|       pointer|
|m_axi_gmem1_ARCACHE    |  out|    4|          m_axi|         gmem1|       pointer|
|m_axi_gmem1_ARPROT     |  out|    3|          m_axi|         gmem1|       pointer|
|m_axi_gmem1_ARQOS      |  out|    4|          m_axi|         gmem1|       pointer|
|m_axi_gmem1_ARREGION   |  out|    4|          m_axi|         gmem1|       pointer|
|m_axi_gmem1_ARUSER     |  out|    1|          m_axi|         gmem1|       pointer|
|m_axi_gmem1_RVALID     |   in|    1|          m_axi|         gmem1|       pointer|
|m_axi_gmem1_RREADY     |  out|    1|          m_axi|         gmem1|       pointer|
|m_axi_gmem1_RDATA      |   in|   32|          m_axi|         gmem1|       pointer|
|m_axi_gmem1_RLAST      |   in|    1|          m_axi|         gmem1|       pointer|
|m_axi_gmem1_RID        |   in|    1|          m_axi|         gmem1|       pointer|
|m_axi_gmem1_RUSER      |   in|    1|          m_axi|         gmem1|       pointer|
|m_axi_gmem1_RRESP      |   in|    2|          m_axi|         gmem1|       pointer|
|m_axi_gmem1_BVALID     |   in|    1|          m_axi|         gmem1|       pointer|
|m_axi_gmem1_BREADY     |  out|    1|          m_axi|         gmem1|       pointer|
|m_axi_gmem1_BRESP      |   in|    2|          m_axi|         gmem1|       pointer|
|m_axi_gmem1_BID        |   in|    1|          m_axi|         gmem1|       pointer|
|m_axi_gmem1_BUSER      |   in|    1|          m_axi|         gmem1|       pointer|
|m_axi_gmem2_AWVALID    |  out|    1|          m_axi|         gmem2|       pointer|
|m_axi_gmem2_AWREADY    |   in|    1|          m_axi|         gmem2|       pointer|
|m_axi_gmem2_AWADDR     |  out|   64|          m_axi|         gmem2|       pointer|
|m_axi_gmem2_AWID       |  out|    1|          m_axi|         gmem2|       pointer|
|m_axi_gmem2_AWLEN      |  out|    8|          m_axi|         gmem2|       pointer|
|m_axi_gmem2_AWSIZE     |  out|    3|          m_axi|         gmem2|       pointer|
|m_axi_gmem2_AWBURST    |  out|    2|          m_axi|         gmem2|       pointer|
|m_axi_gmem2_AWLOCK     |  out|    2|          m_axi|         gmem2|       pointer|
|m_axi_gmem2_AWCACHE    |  out|    4|          m_axi|         gmem2|       pointer|
|m_axi_gmem2_AWPROT     |  out|    3|          m_axi|         gmem2|       pointer|
|m_axi_gmem2_AWQOS      |  out|    4|          m_axi|         gmem2|       pointer|
|m_axi_gmem2_AWREGION   |  out|    4|          m_axi|         gmem2|       pointer|
|m_axi_gmem2_AWUSER     |  out|    1|          m_axi|         gmem2|       pointer|
|m_axi_gmem2_WVALID     |  out|    1|          m_axi|         gmem2|       pointer|
|m_axi_gmem2_WREADY     |   in|    1|          m_axi|         gmem2|       pointer|
|m_axi_gmem2_WDATA      |  out|   32|          m_axi|         gmem2|       pointer|
|m_axi_gmem2_WSTRB      |  out|    4|          m_axi|         gmem2|       pointer|
|m_axi_gmem2_WLAST      |  out|    1|          m_axi|         gmem2|       pointer|
|m_axi_gmem2_WID        |  out|    1|          m_axi|         gmem2|       pointer|
|m_axi_gmem2_WUSER      |  out|    1|          m_axi|         gmem2|       pointer|
|m_axi_gmem2_ARVALID    |  out|    1|          m_axi|         gmem2|       pointer|
|m_axi_gmem2_ARREADY    |   in|    1|          m_axi|         gmem2|       pointer|
|m_axi_gmem2_ARADDR     |  out|   64|          m_axi|         gmem2|       pointer|
|m_axi_gmem2_ARID       |  out|    1|          m_axi|         gmem2|       pointer|
|m_axi_gmem2_ARLEN      |  out|    8|          m_axi|         gmem2|       pointer|
|m_axi_gmem2_ARSIZE     |  out|    3|          m_axi|         gmem2|       pointer|
|m_axi_gmem2_ARBURST    |  out|    2|          m_axi|         gmem2|       pointer|
|m_axi_gmem2_ARLOCK     |  out|    2|          m_axi|         gmem2|       pointer|
|m_axi_gmem2_ARCACHE    |  out|    4|          m_axi|         gmem2|       pointer|
|m_axi_gmem2_ARPROT     |  out|    3|          m_axi|         gmem2|       pointer|
|m_axi_gmem2_ARQOS      |  out|    4|          m_axi|         gmem2|       pointer|
|m_axi_gmem2_ARREGION   |  out|    4|          m_axi|         gmem2|       pointer|
|m_axi_gmem2_ARUSER     |  out|    1|          m_axi|         gmem2|       pointer|
|m_axi_gmem2_RVALID     |   in|    1|          m_axi|         gmem2|       pointer|
|m_axi_gmem2_RREADY     |  out|    1|          m_axi|         gmem2|       pointer|
|m_axi_gmem2_RDATA      |   in|   32|          m_axi|         gmem2|       pointer|
|m_axi_gmem2_RLAST      |   in|    1|          m_axi|         gmem2|       pointer|
|m_axi_gmem2_RID        |   in|    1|          m_axi|         gmem2|       pointer|
|m_axi_gmem2_RUSER      |   in|    1|          m_axi|         gmem2|       pointer|
|m_axi_gmem2_RRESP      |   in|    2|          m_axi|         gmem2|       pointer|
|m_axi_gmem2_BVALID     |   in|    1|          m_axi|         gmem2|       pointer|
|m_axi_gmem2_BREADY     |  out|    1|          m_axi|         gmem2|       pointer|
|m_axi_gmem2_BRESP      |   in|    2|          m_axi|         gmem2|       pointer|
|m_axi_gmem2_BID        |   in|    1|          m_axi|         gmem2|       pointer|
|m_axi_gmem2_BUSER      |   in|    1|          m_axi|         gmem2|       pointer|
|m_axi_gmem3_AWVALID    |  out|    1|          m_axi|         gmem3|       pointer|
|m_axi_gmem3_AWREADY    |   in|    1|          m_axi|         gmem3|       pointer|
|m_axi_gmem3_AWADDR     |  out|   64|          m_axi|         gmem3|       pointer|
|m_axi_gmem3_AWID       |  out|    1|          m_axi|         gmem3|       pointer|
|m_axi_gmem3_AWLEN      |  out|    8|          m_axi|         gmem3|       pointer|
|m_axi_gmem3_AWSIZE     |  out|    3|          m_axi|         gmem3|       pointer|
|m_axi_gmem3_AWBURST    |  out|    2|          m_axi|         gmem3|       pointer|
|m_axi_gmem3_AWLOCK     |  out|    2|          m_axi|         gmem3|       pointer|
|m_axi_gmem3_AWCACHE    |  out|    4|          m_axi|         gmem3|       pointer|
|m_axi_gmem3_AWPROT     |  out|    3|          m_axi|         gmem3|       pointer|
|m_axi_gmem3_AWQOS      |  out|    4|          m_axi|         gmem3|       pointer|
|m_axi_gmem3_AWREGION   |  out|    4|          m_axi|         gmem3|       pointer|
|m_axi_gmem3_AWUSER     |  out|    1|          m_axi|         gmem3|       pointer|
|m_axi_gmem3_WVALID     |  out|    1|          m_axi|         gmem3|       pointer|
|m_axi_gmem3_WREADY     |   in|    1|          m_axi|         gmem3|       pointer|
|m_axi_gmem3_WDATA      |  out|   32|          m_axi|         gmem3|       pointer|
|m_axi_gmem3_WSTRB      |  out|    4|          m_axi|         gmem3|       pointer|
|m_axi_gmem3_WLAST      |  out|    1|          m_axi|         gmem3|       pointer|
|m_axi_gmem3_WID        |  out|    1|          m_axi|         gmem3|       pointer|
|m_axi_gmem3_WUSER      |  out|    1|          m_axi|         gmem3|       pointer|
|m_axi_gmem3_ARVALID    |  out|    1|          m_axi|         gmem3|       pointer|
|m_axi_gmem3_ARREADY    |   in|    1|          m_axi|         gmem3|       pointer|
|m_axi_gmem3_ARADDR     |  out|   64|          m_axi|         gmem3|       pointer|
|m_axi_gmem3_ARID       |  out|    1|          m_axi|         gmem3|       pointer|
|m_axi_gmem3_ARLEN      |  out|    8|          m_axi|         gmem3|       pointer|
|m_axi_gmem3_ARSIZE     |  out|    3|          m_axi|         gmem3|       pointer|
|m_axi_gmem3_ARBURST    |  out|    2|          m_axi|         gmem3|       pointer|
|m_axi_gmem3_ARLOCK     |  out|    2|          m_axi|         gmem3|       pointer|
|m_axi_gmem3_ARCACHE    |  out|    4|          m_axi|         gmem3|       pointer|
|m_axi_gmem3_ARPROT     |  out|    3|          m_axi|         gmem3|       pointer|
|m_axi_gmem3_ARQOS      |  out|    4|          m_axi|         gmem3|       pointer|
|m_axi_gmem3_ARREGION   |  out|    4|          m_axi|         gmem3|       pointer|
|m_axi_gmem3_ARUSER     |  out|    1|          m_axi|         gmem3|       pointer|
|m_axi_gmem3_RVALID     |   in|    1|          m_axi|         gmem3|       pointer|
|m_axi_gmem3_RREADY     |  out|    1|          m_axi|         gmem3|       pointer|
|m_axi_gmem3_RDATA      |   in|   32|          m_axi|         gmem3|       pointer|
|m_axi_gmem3_RLAST      |   in|    1|          m_axi|         gmem3|       pointer|
|m_axi_gmem3_RID        |   in|    1|          m_axi|         gmem3|       pointer|
|m_axi_gmem3_RUSER      |   in|    1|          m_axi|         gmem3|       pointer|
|m_axi_gmem3_RRESP      |   in|    2|          m_axi|         gmem3|       pointer|
|m_axi_gmem3_BVALID     |   in|    1|          m_axi|         gmem3|       pointer|
|m_axi_gmem3_BREADY     |  out|    1|          m_axi|         gmem3|       pointer|
|m_axi_gmem3_BRESP      |   in|    2|          m_axi|         gmem3|       pointer|
|m_axi_gmem3_BID        |   in|    1|          m_axi|         gmem3|       pointer|
|m_axi_gmem3_BUSER      |   in|    1|          m_axi|         gmem3|       pointer|
|m_axi_gmem4_AWVALID    |  out|    1|          m_axi|         gmem4|       pointer|
|m_axi_gmem4_AWREADY    |   in|    1|          m_axi|         gmem4|       pointer|
|m_axi_gmem4_AWADDR     |  out|   64|          m_axi|         gmem4|       pointer|
|m_axi_gmem4_AWID       |  out|    1|          m_axi|         gmem4|       pointer|
|m_axi_gmem4_AWLEN      |  out|    8|          m_axi|         gmem4|       pointer|
|m_axi_gmem4_AWSIZE     |  out|    3|          m_axi|         gmem4|       pointer|
|m_axi_gmem4_AWBURST    |  out|    2|          m_axi|         gmem4|       pointer|
|m_axi_gmem4_AWLOCK     |  out|    2|          m_axi|         gmem4|       pointer|
|m_axi_gmem4_AWCACHE    |  out|    4|          m_axi|         gmem4|       pointer|
|m_axi_gmem4_AWPROT     |  out|    3|          m_axi|         gmem4|       pointer|
|m_axi_gmem4_AWQOS      |  out|    4|          m_axi|         gmem4|       pointer|
|m_axi_gmem4_AWREGION   |  out|    4|          m_axi|         gmem4|       pointer|
|m_axi_gmem4_AWUSER     |  out|    1|          m_axi|         gmem4|       pointer|
|m_axi_gmem4_WVALID     |  out|    1|          m_axi|         gmem4|       pointer|
|m_axi_gmem4_WREADY     |   in|    1|          m_axi|         gmem4|       pointer|
|m_axi_gmem4_WDATA      |  out|  512|          m_axi|         gmem4|       pointer|
|m_axi_gmem4_WSTRB      |  out|   64|          m_axi|         gmem4|       pointer|
|m_axi_gmem4_WLAST      |  out|    1|          m_axi|         gmem4|       pointer|
|m_axi_gmem4_WID        |  out|    1|          m_axi|         gmem4|       pointer|
|m_axi_gmem4_WUSER      |  out|    1|          m_axi|         gmem4|       pointer|
|m_axi_gmem4_ARVALID    |  out|    1|          m_axi|         gmem4|       pointer|
|m_axi_gmem4_ARREADY    |   in|    1|          m_axi|         gmem4|       pointer|
|m_axi_gmem4_ARADDR     |  out|   64|          m_axi|         gmem4|       pointer|
|m_axi_gmem4_ARID       |  out|    1|          m_axi|         gmem4|       pointer|
|m_axi_gmem4_ARLEN      |  out|    8|          m_axi|         gmem4|       pointer|
|m_axi_gmem4_ARSIZE     |  out|    3|          m_axi|         gmem4|       pointer|
|m_axi_gmem4_ARBURST    |  out|    2|          m_axi|         gmem4|       pointer|
|m_axi_gmem4_ARLOCK     |  out|    2|          m_axi|         gmem4|       pointer|
|m_axi_gmem4_ARCACHE    |  out|    4|          m_axi|         gmem4|       pointer|
|m_axi_gmem4_ARPROT     |  out|    3|          m_axi|         gmem4|       pointer|
|m_axi_gmem4_ARQOS      |  out|    4|          m_axi|         gmem4|       pointer|
|m_axi_gmem4_ARREGION   |  out|    4|          m_axi|         gmem4|       pointer|
|m_axi_gmem4_ARUSER     |  out|    1|          m_axi|         gmem4|       pointer|
|m_axi_gmem4_RVALID     |   in|    1|          m_axi|         gmem4|       pointer|
|m_axi_gmem4_RREADY     |  out|    1|          m_axi|         gmem4|       pointer|
|m_axi_gmem4_RDATA      |   in|  512|          m_axi|         gmem4|       pointer|
|m_axi_gmem4_RLAST      |   in|    1|          m_axi|         gmem4|       pointer|
|m_axi_gmem4_RID        |   in|    1|          m_axi|         gmem4|       pointer|
|m_axi_gmem4_RUSER      |   in|    1|          m_axi|         gmem4|       pointer|
|m_axi_gmem4_RRESP      |   in|    2|          m_axi|         gmem4|       pointer|
|m_axi_gmem4_BVALID     |   in|    1|          m_axi|         gmem4|       pointer|
|m_axi_gmem4_BREADY     |  out|    1|          m_axi|         gmem4|       pointer|
|m_axi_gmem4_BRESP      |   in|    2|          m_axi|         gmem4|       pointer|
|m_axi_gmem4_BID        |   in|    1|          m_axi|         gmem4|       pointer|
|m_axi_gmem4_BUSER      |   in|    1|          m_axi|         gmem4|       pointer|
|m_axi_gmem5_AWVALID    |  out|    1|          m_axi|         gmem5|       pointer|
|m_axi_gmem5_AWREADY    |   in|    1|          m_axi|         gmem5|       pointer|
|m_axi_gmem5_AWADDR     |  out|   64|          m_axi|         gmem5|       pointer|
|m_axi_gmem5_AWID       |  out|    1|          m_axi|         gmem5|       pointer|
|m_axi_gmem5_AWLEN      |  out|    8|          m_axi|         gmem5|       pointer|
|m_axi_gmem5_AWSIZE     |  out|    3|          m_axi|         gmem5|       pointer|
|m_axi_gmem5_AWBURST    |  out|    2|          m_axi|         gmem5|       pointer|
|m_axi_gmem5_AWLOCK     |  out|    2|          m_axi|         gmem5|       pointer|
|m_axi_gmem5_AWCACHE    |  out|    4|          m_axi|         gmem5|       pointer|
|m_axi_gmem5_AWPROT     |  out|    3|          m_axi|         gmem5|       pointer|
|m_axi_gmem5_AWQOS      |  out|    4|          m_axi|         gmem5|       pointer|
|m_axi_gmem5_AWREGION   |  out|    4|          m_axi|         gmem5|       pointer|
|m_axi_gmem5_AWUSER     |  out|    1|          m_axi|         gmem5|       pointer|
|m_axi_gmem5_WVALID     |  out|    1|          m_axi|         gmem5|       pointer|
|m_axi_gmem5_WREADY     |   in|    1|          m_axi|         gmem5|       pointer|
|m_axi_gmem5_WDATA      |  out|  512|          m_axi|         gmem5|       pointer|
|m_axi_gmem5_WSTRB      |  out|   64|          m_axi|         gmem5|       pointer|
|m_axi_gmem5_WLAST      |  out|    1|          m_axi|         gmem5|       pointer|
|m_axi_gmem5_WID        |  out|    1|          m_axi|         gmem5|       pointer|
|m_axi_gmem5_WUSER      |  out|    1|          m_axi|         gmem5|       pointer|
|m_axi_gmem5_ARVALID    |  out|    1|          m_axi|         gmem5|       pointer|
|m_axi_gmem5_ARREADY    |   in|    1|          m_axi|         gmem5|       pointer|
|m_axi_gmem5_ARADDR     |  out|   64|          m_axi|         gmem5|       pointer|
|m_axi_gmem5_ARID       |  out|    1|          m_axi|         gmem5|       pointer|
|m_axi_gmem5_ARLEN      |  out|    8|          m_axi|         gmem5|       pointer|
|m_axi_gmem5_ARSIZE     |  out|    3|          m_axi|         gmem5|       pointer|
|m_axi_gmem5_ARBURST    |  out|    2|          m_axi|         gmem5|       pointer|
|m_axi_gmem5_ARLOCK     |  out|    2|          m_axi|         gmem5|       pointer|
|m_axi_gmem5_ARCACHE    |  out|    4|          m_axi|         gmem5|       pointer|
|m_axi_gmem5_ARPROT     |  out|    3|          m_axi|         gmem5|       pointer|
|m_axi_gmem5_ARQOS      |  out|    4|          m_axi|         gmem5|       pointer|
|m_axi_gmem5_ARREGION   |  out|    4|          m_axi|         gmem5|       pointer|
|m_axi_gmem5_ARUSER     |  out|    1|          m_axi|         gmem5|       pointer|
|m_axi_gmem5_RVALID     |   in|    1|          m_axi|         gmem5|       pointer|
|m_axi_gmem5_RREADY     |  out|    1|          m_axi|         gmem5|       pointer|
|m_axi_gmem5_RDATA      |   in|  512|          m_axi|         gmem5|       pointer|
|m_axi_gmem5_RLAST      |   in|    1|          m_axi|         gmem5|       pointer|
|m_axi_gmem5_RID        |   in|    1|          m_axi|         gmem5|       pointer|
|m_axi_gmem5_RUSER      |   in|    1|          m_axi|         gmem5|       pointer|
|m_axi_gmem5_RRESP      |   in|    2|          m_axi|         gmem5|       pointer|
|m_axi_gmem5_BVALID     |   in|    1|          m_axi|         gmem5|       pointer|
|m_axi_gmem5_BREADY     |  out|    1|          m_axi|         gmem5|       pointer|
|m_axi_gmem5_BRESP      |   in|    2|          m_axi|         gmem5|       pointer|
|m_axi_gmem5_BID        |   in|    1|          m_axi|         gmem5|       pointer|
|m_axi_gmem5_BUSER      |   in|    1|          m_axi|         gmem5|       pointer|
+-----------------------+-----+-----+---------------+--------------+--------------+

